gzip fixture: overlapping matches!
gzip fixture: overlapping matches!
gzip fixture: overlapping matches!
gzip fixture: overlapping matches!
gzip fixture: overlapping matches!
gzip fixture: overlapping matches!
gzip fixture: overlapping matches!
gzip fixture: overlapping matches!
gzip fixture: overlapping matches!
gzip fixture: overlapping matches!
gzip fixture: overlapping matches!
gzip fixture: overlapping matches!
gzip fixture: overlapping matches!
gzip fixture: overlapping matches!
gzip fixture: overlapping matches!
gzip fixture: overlapping matches!
gzip fixture: overlapping matches!
gzip fixture: overlapping matches!
gzip fixture: overlapping matches!
gzip fixture: overlapping matches!
gzip fixture: overlapping matches!
gzip fixture: overlapping matches!
gzip fixture: overlapping matches!
gzip fixture: overlapping matches!
gzip fixture: overlapping matches!
gzip fixture: overlapping matches!
gzip fixture: overlapping matches!
gzip fixture: overlapping matches!
gzip fixture: overlapping matches!
gzip fixture: overlapping matches!
gzip fixture: overlapping matches!
gzip fixture: overlapping matches!
gzip fixture: overlapping matches!
gzip fixture: overlapping matches!
gzip fixture: overlapping matches!
gzip fixture: overlapping matches!
gzip fixture: overlapping matches!
gzip fixture: overlapping matches!
gzip fixture: overlapping matches!
gzip fixture: overlapping matches!
gzip fixture: overlapping matches!
gzip fixture: overlapping matches!
gzip fixture: overlapping matches!
gzip fixture: overlapping matches!
gzip fixture: overlapping matches!
gzip fixture: overlapping matches!
gzip fixture: overlapping matches!
gzip fixture: overlapping matches!
gzip fixture: overlapping matches!
gzip fixture: overlapping matches!
gzip fixture: overlapping matches!
gzip fixture: overlapping matches!
gzip fixture: overlapping matches!
gzip fixture: overlapping matches!
gzip fixture: overlapping matches!
gzip fixture: overlapping matches!
gzip fixture: overlapping matches!
gzip fixture: overlapping matches!
gzip fixture: overlapping matches!
gzip fixture: overlapping matches!
gzip fixture: overlapping matches!
gzip fixture: overlapping matches!
gzip fixture: overlapping matches!
gzip fixture: overlapping matches!
gzip fixture: overlapping matches!
gzip fixture: overlapping matches!
gzip fixture: overlapping matches!
gzip fixture: overlapping matches!
gzip fixture: overlapping matches!
gzip fixture: overlapping matches!
gzip fixture: overlapping matches!
gzip fixture: overlapping matches!
gzip fixture: overlapping matches!
gzip fixture: overlapping matches!
gzip fixture: overlapping matches!
gzip fixture: overlapping matches!
gzip fixture: overlapping matches!
gzip fixture: overlapping matches!
gzip fixture: overlapping matches!
gzip fixture: overlapping matches!
gzip fixture: overlapping matches!
gzip fixture: overlapping matches!
gzip fixture: overlapping matches!
gzip fixture: overlapping matches!
gzip fixture: overlapping matches!
gzip fixture: overlapping matches!
gzip fixture: overlapping matches!
gzip fixture: overlapping matches!
gzip fixture: overlapping matches!
gzip fixture: overlapping matches!
gzip fixture: overlapping matches!
gzip fixture: overlapping matches!
gzip fixture: overlapping matches!
gzip fixture: overlapping matches!
gzip fixture: overlapping matches!
gzip fixture: overlapping matches!
gzip fixture: overlapping matches!
gzip fixture: overlapping matches!
gzip fixture: overlapping matches!
gzip fixture: overlapping matches!
gzip fixture: overlapping matches!
gzip fixture: overlapping matches!
gzip fixture: overlapping matches!
gzip fixture: overlapping matches!
gzip fixture: overlapping matches!
gzip fixture: overlapping matches!
gzip fixture: overlapping matches!
gzip fixture: overlapping matches!
gzip fixture: overlapping matches!
gzip fixture: overlapping matches!
gzip fixture: overlapping matches!
gzip fixture: overlapping matches!
gzip fixture: overlapping matches!
gzip fixture: overlapping matches!
gzip fixture: overlapping matches!
gzip fixture: overlapping matches!
gzip fixture: overlapping matches!
gzip fixture: overlapping matches!
gzip fixture: overlapping matches!
gzip fixture: overlapping matches!
gzip fixture: overlapping matches!
gzip fixture: overlapping matches!
gzip fixture: overlapping matches!
gzip fixture: overlapping matches!
gzip fixture: overlapping matches!
gzip fixture: overlapping matches!
gzip fixture: overlapping matches!
gzip fixture: overlapping matches!
gzip fixture: overlapping matches!
gzip fixture: overlapping matches!
gzip fixture: overlapping matches!
gzip fixture: overlapping matches!
gzip fixture: overlapping matches!
gzip fixture: overlapping matches!
gzip fixture: overlapping matches!
gzip fixture: overlapping matches!
gzip fixture: overlapping matches!
gzip fixture: overlapping matches!
gzip fixture: overlapping matches!
gzip fixture: overlapping matches!
gzip fixture: overlapping matches!
gzip fixture: overlapping matches!
gzip fixture: overlapping matches!
gzip fixture: overlapping matches!
gzip fixture: overlapping matches!
gzip fixture: overlapping matches!
gzip fixture: overlapping matches!
gzip fixture: overlapping matches!
gzip fixture: overlapping matches!
gzip fixture: overlapping matches!
gzip fixture: overlapping matches!
gzip fixture: overlapping matches!
gzip fixture: overlapping matches!
gzip fixture: overlapping matches!
gzip fixture: overlapping matches!
gzip fixture: overlapping matches!
gzip fixture: overlapping matches!
gzip fixture: overlapping matches!
gzip fixture: overlapping matches!
gzip fixture: overlapping matches!
gzip fixture: overlapping matches!
gzip fixture: overlapping matches!
gzip fixture: overlapping matches!
gzip fixture: overlapping matches!
gzip fixture: overlapping matches!
gzip fixture: overlapping matches!
gzip fixture: overlapping matches!
gzip fixture: overlapping matches!
gzip fixture: overlapping matches!
gzip fixture: overlapping matches!
gzip fixture: overlapping matches!
gzip fixture: overlapping matches!
gzip fixture: overlapping matches!
gzip fixture: overlapping matches!
gzip fixture: overlapping matches!
gzip fixture: overlapping matches!
gzip fixture: overlapping matches!
gzip fixture: overlapping matches!
gzip fixture: overlapping matches!
gzip fixture: overlapping matches!
gzip fixture: overlapping matches!
gzip fixture: overlapping matches!
gzip fixture: overlapping matches!
gzip fixture: overlapping matches!
gzip fixture: overlapping matches!
gzip fixture: overlapping matches!
gzip fixture: overlapping matches!
gzip fixture: overlapping matches!
gzip fixture: overlapping matches!
gzip fixture: overlapping matches!
gzip fixture: overlapping matches!
gzip fixture: overlapping matches!
gzip fixture: overlapping matches!
gzip fixture: overlapping matches!
gzip fixture: overlapping matches!
gzip fixture: overlapping matches!
gzip fixture: overlapping matches!
gzip fixture: overlapping matches!
gzip fixture: overlapping matches!
gzip fixture: overlapping matches!
gzip fixture: overlapping matches!
gzip fixture: overlapping matches!
gzip fixture: overlapping matches!
gzip fixture: overlapping matches!
gzip fixture: overlapping matches!
gzip fixture: overlapping matches!
gzip fixture: overlapping matches!
gzip fixture: overlapping matches!
gzip fixture: overlapping matches!
gzip fixture: overlapping matches!
gzip fixture: overlapping matches!
gzip fixture: overlapping matches!
gzip fixture: overlapping matches!
gzip fixture: overlapping matches!
gzip fixture: overlapping matches!
gzip fixture: overlapping matches!
gzip fixture: overlapping matches!
gzip fixture: overlapping matches!
gzip fixture: overlapping matches!
gzip fixture: overlapping matches!
gzip fixture: overlapping matches!
gzip fixture: overlapping matches!
gzip fixture: overlapping matches!
gzip fixture: overlapping matches!
gzip fixture: overlapping matches!
gzip fixture: overlapping matches!
gzip fixture: overlapping matches!
gzip fixture: overlapping matches!
gzip fixture: overlapping matches!
gzip fixture: overlapping matches!
gzip fixture: overlapping matches!
gzip fixture: overlapping matches!
gzip fixture: overlapping matches!
gzip fixture: overlapping matches!
gzip fixture: overlapping matches!
gzip fixture: overlapping matches!
gzip fixture: overlapping matches!
gzip fixture: overlapping matches!
gzip fixture: overlapping matches!
gzip fixture: overlapping matches!
gzip fixture: overlapping matches!
gzip fixture: overlapping matches!
gzip fixture: overlapping matches!
gzip fixture: overlapping matches!
gzip fixture: overlapping matches!
gzip fixture: overlapping matches!
gzip fixture: overlapping matches!
gzip fixture: overlapping matches!
gzip fixture: overlapping matches!
gzip fixture: overlapping matches!
gzip fixture: overlapping matches!
gzip fixture: overlapping matches!
gzip fixture: overlapping matches!
gzip fixture: overlapping matches!
gzip fixture: overlapping matches!
gzip fixture: overlapping matches!
gzip fixture: overlapping matches!
gzip fixture: overlapping matches!
gzip fixture: overlapping matches!
gzip fixture: overlapping matches!
gzip fixture: overlapping matches!
gzip fixture: overlapping matches!
gzip fixture: overlapping matches!
gzip fixture: overlapping matches!
gzip fixture: overlapping matches!
gzip fixture: overlapping matches!
gzip fixture: overlapping matches!
gzip fixture: overlapping matches!
gzip fixture: overlapping matches!
gzip fixture: overlapping matches!
gzip fixture: overlapping matches!
gzip fixture: overlapping matches!
gzip fixture: overlapping matches!
gzip fixture: overlapping matches!
gzip fixture: overlapping matches!
gzip fixture: overlapping matches!
gzip fixture: overlapping matches!
gzip fixture: overlapping matches!
gzip fixture: overlapping matches!
gzip fixture: overlapping matches!
gzip fixture: overlapping matches!
gzip fixture: overlapping matches!
gzip fixture: overlapping matches!
gzip fixture: overlapping matches!
gzip fixture: overlapping matches!
gzip fixture: overlapping matches!
gzip fixture: overlapping matches!
gzip fixture: overlapping matches!
gzip fixture: overlapping matches!
gzip fixture: overlapping matches!
gzip fixture: overlapping matches!
gzip fixture: overlapping matches!
gzip fixture: overlapping matches!
gzip fixture: overlapping matches!
gzip fixture: overlapping matches!
gzip fixture: overlapping matches!
gzip fixture: overlapping matches!
gzip fixture: overlapping matches!
gzip fixture: overlapping matches!
gzip fixture: overlapping matches!
gzip fixture: overlapping matches!
gzip fixture: overlapping matches!
gzip fixture: overlapping matches!
gzip fixture: overlapping matches!
gzip fixture: overlapping matches!
gzip fixture: overlapping matches!
gzip fixture: overlapping matches!
gzip fixture: overlapping matches!
gzip fixture: overlapping matches!
gzip fixture: overlapping matches!
gzip fixture: overlapping matches!
gzip fixture: overlapping matches!
gzip fixture: overlapping matches!
gzip fixture: overlapping matches!
gzip fixture: overlapping matches!
gzip fixture: overlapping matches!
gzip fixture: overlapping matches!
gzip fixture: overlapping matches!
gzip fixture: overlapping matches!
gzip fixture: overlapping matches!
gzip fixture: overlapping matches!
gzip fixture: overlapping matches!
gzip fixture: overlapping matches!
gzip fixture: overlapping matches!
gzip fixture: overlapping matches!
gzip fixture: overlapping matches!
gzip fixture: overlapping matches!
gzip fixture: overlapping matches!
gzip fixture: overlapping matches!
gzip fixture: overlapping matches!
gzip fixture: overlapping matches!
gzip fixture: overlapping matches!
gzip fixture: overlapping matches!
gzip fixture: overlapping matches!
gzip fixture: overlapping matches!
gzip fixture: overlapping matches!
gzip fixture: overlapping matches!
gzip fixture: overlapping matches!
gzip fixture: overlapping matches!
gzip fixture: overlapping matches!
gzip fixture: overlapping matches!
gzip fixture: overlapping matches!
gzip fixture: overlapping matches!
gzip fixture: overlapping matches!
gzip fixture: overlapping matches!
gzip fixture: overlapping matches!
gzip fixture: overlapping matches!
gzip fixture: overlapping matches!
gzip fixture: overlapping matches!
gzip fixture: overlapping matches!
gzip fixture: overlapping matches!
gzip fixture: overlapping matches!
gzip fixture: overlapping matches!
gzip fixture: overlapping matches!
gzip fixture: overlapping matches!
gzip fixture: overlapping matches!
gzip fixture: overlapping matches!
gzip fixture: overlapping matches!
gzip fixture: overlapping matches!
gzip fixture: overlapping matches!
gzip fixture: overlapping matches!
gzip fixture: overlapping matches!
gzip fixture: overlapping matches!
gzip fixture: overlapping matches!
gzip fixture: overlapping matches!
gzip fixture: overlapping matches!
gzip fixture: overlapping matches!
gzip fixture: overlapping matches!
gzip fixture: overlapping matches!
gzip fixture: overlapping matches!
gzip fixture: overlapping matches!
gzip fixture: overlapping matches!
gzip fixture: overlapping matches!
gzip fixture: overlapping matches!
gzip fixture: overlapping matches!
gzip fixture: overlapping matches!
gzip fixture: overlapping matches!
gzip fixture: overlapping matches!
gzip fixture: overlapping matches!
gzip fixture: overlapping matches!
gzip fixture: overlapping matches!
gzip fixture: overlapping matches!
gzip fixture: overlapping matches!
gzip fixture: overlapping matches!
gzip fixture: overlapping matches!
gzip fixture: overlapping matches!
gzip fixture: overlapping matches!
gzip fixture: overlapping matches!
gzip fixture: overlapping matches!
gzip fixture: overlapping matches!
gzip fixture: overlapping matches!
gzip fixture: overlapping matches!
gzip fixture: overlapping matches!
gzip fixture: overlapping matches!
gzip fixture: overlapping matches!
gzip fixture: overlapping matches!
gzip fixture: overlapping matches!
gzip fixture: overlapping matches!
gzip fixture: overlapping matches!
gzip fixture: overlapping matches!
gzip fixture: overlapping matches!
gzip fixture: overlapping matches!
gzip fixture: overlapping matches!
gzip fixture: overlapping matches!
gzip fixture: overlapping matches!
gzip fixture: overlapping matches!
gzip fixture: overlapping matches!
gzip fixture: overlapping matches!
gzip fixture: overlapping matches!
gzip fixture: overlapping matches!
gzip fixture: overlapping matches!
gzip fixture: overlapping matches!
gzip fixture: overlapping matches!
gzip fixture: overlapping matches!
gzip fixture: overlapping matches!
gzip fixture: overlapping matches!
gzip fixture: overlapping matches!
gzip fixture: overlapping matches!
gzip fixture: overlapping matches!
gzip fixture: overlapping matches!
gzip fixture: overlapping matches!
gzip fixture: overlapping matches!
gzip fixture: overlapping matches!
gzip fixture: overlapping matches!
gzip fixture: overlapping matches!
gzip fixture: overlapping matches!
gzip fixture: overlapping matches!
gzip fixture: overlapping matches!
gzip fixture: overlapping matches!
gzip fixture: overlapping matches!
gzip fixture: overlapping matches!
gzip fixture: overlapping matches!
gzip fixture: overlapping matches!
gzip fixture: overlapping matches!
gzip fixture: overlapping matches!
gzip fixture: overlapping matches!
gzip fixture: overlapping matches!
gzip fixture: overlapping matches!
gzip fixture: overlapping matches!
gzip fixture: overlapping matches!
gzip fixture: overlapping matches!
gzip fixture: overlapping matches!
gzip fixture: overlapping matches!
gzip fixture: overlapping matches!
gzip fixture: overlapping matches!
gzip fixture: overlapping matches!
gzip fixture: overlapping matches!
gzip fixture: overlapping matches!
gzip fixture: overlapping matches!
gzip fixture: overlapping matches!
gzip fixture: overlapping matches!
gzip fixture: overlapping matches!
gzip fixture: overlapping matches!
gzip fixture: overlapping matches!
gzip fixture: overlapping matches!
gzip fixture: overlapping matches!
gzip fixture: overlapping matches!
gzip fixture: overlapping matches!
gzip fixture: overlapping matches!
gzip fixture: overlapping matches!
gzip fixture: overlapping matches!
gzip fixture: overlapping matches!
gzip fixture: overlapping matches!
gzip fixture: overlapping matches!
gzip fixture: overlapping matches!
gzip fixture: overlapping matches!
gzip fixture: overlapping matches!
gzip fixture: overlapping matches!
gzip fixture: overlapping matches!
gzip fixture: overlapping matches!
gzip fixture: overlapping matches!
gzip fixture: overlapping matches!
gzip fixture: overlapping matches!
gzip fixture: overlapping matches!
gzip fixture: overlapping matches!
gzip fixture: overlapping matches!
gzip fixture: overlapping matches!
gzip fixture: overlapping matches!
gzip fixture: overlapping matches!
gzip fixture: overlapping matches!
gzip fixture: overlapping matches!
gzip fixture: overlapping matches!
gzip fixture: overlapping matches!
gzip fixture: overlapping matches!
gzip fixture: overlapping matches!
gzip fixture: overlapping matches!
gzip fixture: overlapping matches!
gzip fixture: overlapping matches!
gzip fixture: overlapping matches!
gzip fixture: overlapping matches!
gzip fixture: overlapping matches!
gzip fixture: overlapping matches!
gzip fixture: overlapping matches!
gzip fixture: overlapping matches!
gzip fixture: overlapping matches!
gzip fixture: overlapping matches!
gzip fixture: overlapping matches!
gzip fixture: overlapping matches!
gzip fixture: overlapping matches!
gzip fixture: overlapping matches!
gzip fixture: overlapping matches!
gzip fixture: overlapping matches!
gzip fixture: overlapping matches!
gzip fixture: overlapping matches!
gzip fixture: overlapping matches!
gzip fixture: overlapping matches!
gzip fixture: overlapping matches!
gzip fixture: overlapping matches!
gzip fixture: overlapping matches!
gzip fixture: overlapping matches!
gzip fixture: overlapping matches!
gzip fixture: overlapping matches!
